// Jest Snapshot v1, https://goo.gl/fbAQLP

exports[`Exercises renders a snapshot properly 1`] = `
<div>
  <h1
    className="title is-1"
  >
    Exercises
  </h1>
  <hr />
  <br />
  <div
    className="notification is-warning"
  >
    <span>
      Please log in to submit an exercise.
    </span>
  </div>
  0
  <div
    className="field is-grouped"
  >
    Â 
  </div>
</div>
`;
